// Jest Snapshot v1, https://goo.gl/fbAQLP

exports[`FollowButton should match snapshot. 1`] = `
<div
  aria-label="Follow up"
  className="rt-follow-button"
  onClick={[Function]}
  onKeyPress={[Function]}
  role="button"
  tabIndex={0}
  title="Follow up"
>
  <img
    alt="data:image/png;base64,iVBORw0KGgoAAAANSUhEUgAAAB4AAAAeCAMAAAAM7l6QAAAApVBMVEUAAACIiIiIiIiIiIiHh4eIiIiJiYmIiIiIiIiIiIiIiIiJiYmHh4eKioqIiIiHh4eHh4eHh4eIiIiIiIiJiYmIiIiIiIiIiIhSUlKHh4dVVVWCgoJvb29nZ2dra2tgYGD///99fX1aWlp3d3dycnJ6enrU1NTJycm+vr6kpKSNjY2JiYl5eXl1dXViYmKwsLCdnZ1jY2NdXV3z8/Pk5OTAwMC2trbvqqlRAAAAF3RSTlMA6fnjCP2LhnfqxahSPceBdDuOVlTIOjAD+h8AAAFcSURBVCjPhVOJcsIgEIWoaep9tbuBhJzGq63a6/8/rZxiYmd8kxk2PFjevgXiMVlOaRDQaTghd+hHz3AFjfptdtWDFnrrW3Y2gA4GT54dwT8YOfYJHOKk9rzdvwIH/o7sLVbRXuUfa81O1SZDjZTDNld8T+mPLCsQWYbsUw67fKunIknbelPEJOapAJ6d8p2tX3plInWq0/fzy7gJF2RpghITrz9DYaKQvBhZyGIjPpHLCvc3tEcLTPWqC2KhcxX28MDqwhrqUg6l3Pchx0rNB7c08OqiJXjaJk908qMsgEMr+fQq7dg0xyIDaEkLTS0l1o30Kq7ahTlbKrbVXsXyE+hseSWE6uDQ5GchTU2AS2HWQOpacvjO974lFRjMXUPPXycoTENZqjO7hpL1QG03jmK5MZr1deheJi5quGL24Co+uMge4+4zGHce0Zx6ks775A6LcKie4DBc+Lk/NUJDYk8poMoAAAAASUVORK5CYII="
    src="data:image/png;base64,iVBORw0KGgoAAAANSUhEUgAAAB4AAAAeCAMAAAAM7l6QAAAApVBMVEUAAACIiIiIiIiIiIiHh4eIiIiJiYmIiIiIiIiIiIiIiIiJiYmHh4eKioqIiIiHh4eHh4eHh4eIiIiIiIiJiYmIiIiIiIiIiIhSUlKHh4dVVVWCgoJvb29nZ2dra2tgYGD///99fX1aWlp3d3dycnJ6enrU1NTJycm+vr6kpKSNjY2JiYl5eXl1dXViYmKwsLCdnZ1jY2NdXV3z8/Pk5OTAwMC2trbvqqlRAAAAF3RSTlMA6fnjCP2LhnfqxahSPceBdDuOVlTIOjAD+h8AAAFcSURBVCjPhVOJcsIgEIWoaep9tbuBhJzGq63a6/8/rZxiYmd8kxk2PFjevgXiMVlOaRDQaTghd+hHz3AFjfptdtWDFnrrW3Y2gA4GT54dwT8YOfYJHOKk9rzdvwIH/o7sLVbRXuUfa81O1SZDjZTDNld8T+mPLCsQWYbsUw67fKunIknbelPEJOapAJ6d8p2tX3plInWq0/fzy7gJF2RpghITrz9DYaKQvBhZyGIjPpHLCvc3tEcLTPWqC2KhcxX28MDqwhrqUg6l3Pchx0rNB7c08OqiJXjaJk908qMsgEMr+fQq7dg0xyIDaEkLTS0l1o30Kq7ahTlbKrbVXsXyE+hseSWE6uDQ5GchTU2AS2HWQOpacvjO974lFRjMXUPPXycoTENZqjO7hpL1QG03jmK5MZr1deheJi5quGL24Co+uMge4+4zGHce0Zx6ks775A6LcKie4DBc+Lk/NUJDYk8poMoAAAAASUVORK5CYII="
  />
</div>
`;
