// Jest Snapshot v1, https://goo.gl/fbAQLP

exports[`FollowButton should match snapshot. 1`] = `
<div
  aria-label="Filter up"
  className="rt-filter-button"
  onClick={[Function]}
  onKeyPress={[Function]}
  role="button"
  tabIndex={0}
  title="Filter up"
>
  <img
    alt="data:image/png;base64,iVBORw0KGgoAAAANSUhEUgAAAB4AAAAeCAMAAAAM7l6QAAAAaVBMVEUAAACIiIiIiIiIiIiIiIiIiIiJiYmHh4eIiIiIiIiJiYmIiIiOjo6IiIiHh4eJiYmAgICIiIiIiIiKioqAgICIiIhSUlJvb29zc3NmZmZ4eHh8fHxqamqDg4NdXV1iYmJXV1d/f39ZWVkRGo8AAAAAFXRSTlMA6eNT+IyIgnfFqDsJx3Q9CPrIPwqVbk66AAABAUlEQVQoz42T6XKDIBCAd1WMxjNtwQDGo+//kCWQ5Yhxpt8v3G/YY1ghMLAObzfs2AAH2gq5B6s2tXnGE7I8thd+oAz2yj9wJVvyj1xedc1xn97QJmjrt8+u7uKN+dnfj9EVt1reI6TVvDIanZ54xOw0Anzb710IHawSQtlDA4wivw+yj41yMfjy+VbSiz/WgD5IV2RIhFBEKRV3M+4UK6ym8pu5pV1bpDEeZ5FyczNR8o6OtrxhiQL1azBqapqFTF51SLRWiW4A8FyjfZJT3Rs9Zmc6a2kdSK9rpPN4EWkpJr9Mh1XUSim/iv9d5PPfgBh7DBL7EQ40rMaiwLpsQuwP5Ds6HNqGJEcAAAAASUVORK5CYII="
    src="data:image/png;base64,iVBORw0KGgoAAAANSUhEUgAAAB4AAAAeCAMAAAAM7l6QAAAAaVBMVEUAAACIiIiIiIiIiIiIiIiIiIiJiYmHh4eIiIiIiIiJiYmIiIiOjo6IiIiHh4eJiYmAgICIiIiIiIiKioqAgICIiIhSUlJvb29zc3NmZmZ4eHh8fHxqamqDg4NdXV1iYmJXV1d/f39ZWVkRGo8AAAAAFXRSTlMA6eNT+IyIgnfFqDsJx3Q9CPrIPwqVbk66AAABAUlEQVQoz42T6XKDIBCAd1WMxjNtwQDGo+//kCWQ5Yhxpt8v3G/YY1ghMLAObzfs2AAH2gq5B6s2tXnGE7I8thd+oAz2yj9wJVvyj1xedc1xn97QJmjrt8+u7uKN+dnfj9EVt1reI6TVvDIanZ54xOw0Anzb710IHawSQtlDA4wivw+yj41yMfjy+VbSiz/WgD5IV2RIhFBEKRV3M+4UK6ym8pu5pV1bpDEeZ5FyczNR8o6OtrxhiQL1azBqapqFTF51SLRWiW4A8FyjfZJT3Rs9Zmc6a2kdSK9rpPN4EWkpJr9Mh1XUSim/iv9d5PPfgBh7DBL7EQ40rMaiwLpsQuwP5Ds6HNqGJEcAAAAASUVORK5CYII="
  />
</div>
`;
